// Jest Snapshot v1, https://goo.gl/fbAQLP

exports[`html parser should return div element 1`] = `
<div>
  test
</div>
`;
